../Core/Src/main.c:90:5:main	8	static
../Core/Src/main.c:168:6:SystemClock_Config	88	static
../Core/Src/main.c:210:13:MX_ADC1_Init	24	static
../Core/Src/main.c:272:13:MX_TIM1_Init	96	static
../Core/Src/main.c:355:13:MX_USART1_UART_Init	8	static
../Core/Src/main.c:388:13:MX_USART2_UART_Init	8	static
../Core/Src/main.c:421:13:MX_GPIO_Init	48	static
../Core/Src/main.c:471:6:Read_ADC_Value	16	static
../Core/Src/main.c:484:7:Convert_Temp_To_Celsius	24	static
../Core/Src/main.c:494:6:Display_ADC_On_LCD	40	static
../Core/Src/main.c:522:6:Error_Handler	4	static,ignoring_inline_asm
