../Core/Src/main.c:149:5:main	8	static
../Core/Src/main.c:238:6:SystemClock_Config	88	static
../Core/Src/main.c:280:13:MX_ADC1_Init	24	static
../Core/Src/main.c:342:13:MX_TIM1_Init	96	static
../Core/Src/main.c:425:13:MX_USART1_UART_Init	8	static
../Core/Src/main.c:458:13:MX_USART2_UART_Init	8	static
../Core/Src/main.c:491:13:MX_GPIO_Init	48	static
../Core/Src/main.c:545:6:Update_System_Tasks	16	static
../Core/Src/main.c:596:19:Read_ADC_Value	16	static
../Core/Src/main.c:626:7:Convert_Temp_To_Celsius	24	static
../Core/Src/main.c:643:6:Display_ADC_On_LCD	40	static
../Core/Src/main.c:670:6:RGB_Set_Color	32	static
../Core/Src/main.c:734:6:RGB_Off	4	static
../Core/Src/main.c:746:19:Send_AT_Command	24	static
../Core/Src/main.c:771:6:Init_SIM800	8	static
../Core/Src/main.c:786:6:Error_Handler	4	static,ignoring_inline_asm
../Core/Src/main.c:796:6:Handle_Errors	8	static
../Core/Src/main.c:802:6:Process_UART_Line	4	static
