../Core/Src/main.c:92:5:main	8	static
../Core/Src/main.c:185:6:SystemClock_Config	88	static
../Core/Src/main.c:227:13:MX_ADC1_Init	24	static
../Core/Src/main.c:289:13:MX_TIM1_Init	96	static
../Core/Src/main.c:372:13:MX_USART1_UART_Init	8	static
../Core/Src/main.c:405:13:MX_USART2_UART_Init	8	static
../Core/Src/main.c:438:13:MX_GPIO_Init	48	static
../Core/Src/main.c:488:6:Read_ADC_Value	16	static
../Core/Src/main.c:501:7:Convert_Temp_To_Celsius	24	static
../Core/Src/main.c:511:6:Display_ADC_On_LCD	40	static
../Core/Src/main.c:569:6:RGB_Set_Color	24	static
../Core/Src/main.c:622:6:Error_Handler	4	static,ignoring_inline_asm
