../Core/Src/main.c:100:5:main	8	static
../Core/Src/main.c:201:6:SystemClock_Config	88	static
../Core/Src/main.c:243:13:MX_ADC1_Init	24	static
../Core/Src/main.c:305:13:MX_TIM1_Init	96	static
../Core/Src/main.c:388:13:MX_USART1_UART_Init	8	static
../Core/Src/main.c:421:13:MX_USART2_UART_Init	8	static
../Core/Src/main.c:454:13:MX_GPIO_Init	48	static
../Core/Src/main.c:504:6:Read_ADC_Value	16	static
../Core/Src/main.c:517:7:Convert_Temp_To_Celsius	24	static
../Core/Src/main.c:527:6:Display_ADC_On_LCD	40	static
../Core/Src/main.c:585:6:RGB_Set_Color	24	static
../Core/Src/main.c:632:6:Send_AT_Command	16	static
../Core/Src/main.c:639:6:Read_SIM800_Response	8	static
../Core/Src/main.c:655:6:Error_Handler	4	static,ignoring_inline_asm
