../Core/Src/main.c:207:5:main	8	static
../Core/Src/main.c:314:6:SystemClock_Config	88	static
../Core/Src/main.c:356:13:MX_ADC1_Init	24	static
../Core/Src/main.c:418:13:MX_TIM1_Init	96	static
../Core/Src/main.c:501:13:MX_USART1_UART_Init	8	static
../Core/Src/main.c:534:13:MX_USART3_UART_Init	8	static
../Core/Src/main.c:565:13:MX_DMA_Init	16	static
../Core/Src/main.c:593:13:MX_GPIO_Init	48	static
../Core/Src/main.c:643:6:Read_ADC_Value	16	static
../Core/Src/main.c:656:7:Convert_Temp_To_Celsius	24	static
../Core/Src/main.c:666:6:Display_ADC_On_LCD	40	static
../Core/Src/main.c:691:6:RGB_Set_Color	24	static
../Core/Src/main.c:737:7:trimWhitespace	24	static
../Core/Src/main.c:847:6:smsProcess	16	static
../Core/Src/main.c:986:6:GSM_init	24	static
../Core/Src/main.c:996:6:GSM_process	208	static
../Core/Src/main.c:1146:6:GSM_sendStr	24	static
../Core/Src/main.c:1150:6:GSM_sendFmt	284	static
../Core/Src/main.c:1162:7:Str_ignoreWhitespace	16	static
../Core/Src/main.c:1168:7:Str_indexOfAt	16	static
../Core/Src/main.c:1179:7:Str_getToken	40	static
../Core/Src/main.c:1196:10:Str_getUNum	24	static
../Core/Src/main.c:1215:6:HAL_UART_TxCpltCallback	16	static
../Core/Src/main.c:1226:6:HAL_UART_RxCpltCallback	16	static
../Core/Src/main.c:1237:6:HAL_UART_ErrorCallback	16	static
C:\ST\STM32CubeIDE_1.19.0\STM32CubeIDE\plugins\com.st.stm32cube.ide.mcu.externaltools.gnu-tools-for-stm32.13.3.rel1.win32_1.0.0.202411081344\tools\bin/../lib/gcc/arm-none-eabi/13.3.1/../../../../arm-none-eabi/include/stdio.h:220:5:fputc	16	static
../Core/Src/main.c:1257:6:GSM_sendSms	16	static
../Core/Src/main.c:1288:9:GSM_checkResult	88	static
../Core/Src/main.c:1312:6:GSM_sendStr2	24	static
../Core/Src/main.c:1316:6:GSM_sendFmt2	144	static
../Core/Src/main.c:1325:6:GSM_sendByte	16	static
../Core/Src/main.c:1335:6:Error_Handler	4	static,ignoring_inline_asm
