../Core/Src/main.c:111:5:main	8	static
../Core/Src/main.c:200:6:SystemClock_Config	88	static
../Core/Src/main.c:242:13:MX_ADC1_Init	24	static
../Core/Src/main.c:304:13:MX_TIM1_Init	96	static
../Core/Src/main.c:387:13:MX_USART1_UART_Init	8	static
../Core/Src/main.c:420:13:MX_USART2_UART_Init	8	static
../Core/Src/main.c:453:13:MX_GPIO_Init	48	static
../Core/Src/main.c:503:6:Read_ADC_Value	16	static
../Core/Src/main.c:516:7:Convert_Temp_To_Celsius	24	static
../Core/Src/main.c:526:6:Display_ADC_On_LCD	40	static
../Core/Src/main.c:551:6:RGB_Set_Color	24	static
../Core/Src/main.c:664:6:GSM_sendSms	16	static
../Core/Src/main.c:702:9:GSM_checkResult	88	static
../Core/Src/main.c:731:6:GSM_sendStr	24	static
../Core/Src/main.c:738:6:GSM_sendFmt	144	static
../Core/Src/main.c:749:6:GSM_sendByte	16	static
../Core/Src/main.c:755:6:ReceiveSMS	176	static
../Core/Src/main.c:819:6:Error_Handler	4	static,ignoring_inline_asm
