../Core/Src/main.c:100:5:main	8	static
../Core/Src/main.c:205:6:SystemClock_Config	88	static
../Core/Src/main.c:247:13:MX_ADC1_Init	24	static
../Core/Src/main.c:309:13:MX_TIM1_Init	96	static
../Core/Src/main.c:392:13:MX_USART1_UART_Init	8	static
../Core/Src/main.c:425:13:MX_USART2_UART_Init	8	static
../Core/Src/main.c:458:13:MX_GPIO_Init	48	static
../Core/Src/main.c:508:6:Read_ADC_Value	16	static
../Core/Src/main.c:521:7:Convert_Temp_To_Celsius	24	static
../Core/Src/main.c:531:6:Display_ADC_On_LCD	40	static
../Core/Src/main.c:589:6:RGB_Set_Color	24	static
../Core/Src/main.c:635:6:Send_AT_Command	16	static
../Core/Src/main.c:651:6:Read_SIM800_Response	96	static
../Core/Src/main.c:715:6:Error_Handler	4	static,ignoring_inline_asm
