../Core/Src/main.c:232:5:main	16	static
../Core/Src/main.c:378:6:SystemClock_Config	88	static
../Core/Src/main.c:420:13:MX_ADC1_Init	24	static
../Core/Src/main.c:482:13:MX_TIM1_Init	96	static
../Core/Src/main.c:565:13:MX_USART1_UART_Init	8	static
../Core/Src/main.c:598:13:MX_USART3_UART_Init	8	static
../Core/Src/main.c:629:13:MX_DMA_Init	16	static
../Core/Src/main.c:657:13:MX_GPIO_Init	48	static
../Core/Src/main.c:707:6:UARTs_Init_All	8	static
../Core/Src/main.c:720:6:checkPotMovement	16	static
../Core/Src/main.c:731:6:Read_ADC_Value	16	static
../Core/Src/main.c:744:7:Convert_Temp_To_Celsius	24	static
../Core/Src/main.c:754:6:Display_ADC_On_LCD	40	static
../Core/Src/main.c:780:6:RGB_Set_Color	24	static
../Core/Src/main.c:826:7:trimWhitespace	24	static
../Core/Src/main.c:834:6:LCD_printf	132	static
../Core/Src/main.c:865:6:smsProcess	304	static
../Core/Src/main.c:1065:6:RGB_Set_Direct	24	static
../Core/Src/main.c:1077:6:GSM_init	24	static
../Core/Src/main.c:1087:6:GSM_process	208	static
../Core/Src/main.c:1237:6:GSM_sendStr	24	static
../Core/Src/main.c:1241:6:GSM_sendFmt	284	static
../Core/Src/main.c:1253:7:Str_ignoreWhitespace	16	static
../Core/Src/main.c:1259:7:Str_indexOfAt	16	static
../Core/Src/main.c:1270:7:Str_getToken	40	static
../Core/Src/main.c:1287:10:Str_getUNum	24	static
../Core/Src/main.c:1306:6:HAL_UART_TxCpltCallback	16	static
../Core/Src/main.c:1317:6:HAL_UART_RxCpltCallback	16	static
../Core/Src/main.c:1328:6:HAL_UART_ErrorCallback	16	static
C:\ST\STM32CubeIDE_1.19.0\STM32CubeIDE\plugins\com.st.stm32cube.ide.mcu.externaltools.gnu-tools-for-stm32.13.3.rel1.win32_1.0.0.202411081344\tools\bin/../lib/gcc/arm-none-eabi/13.3.1/../../../../arm-none-eabi/include/stdio.h:220:5:fputc	16	static
../Core/Src/main.c:1348:6:GSM_sendSms	16	static
../Core/Src/main.c:1379:9:GSM_checkResult	88	static
../Core/Src/main.c:1403:6:GSM_sendStr2	24	static
../Core/Src/main.c:1407:6:GSM_sendFmt2	144	static
../Core/Src/main.c:1416:6:GSM_sendByte	16	static
../Core/Src/main.c:1426:6:Error_Handler	4	static,ignoring_inline_asm
